../Core/Src/main.c:135:6:write_reg	24	static
../Core/Src/main.c:173:6:write_disp	48	static
../Core/Src/main.c:218:6:matrix_init	8	static
../Core/Src/main.c:228:6:matrix_data	24	static
../Core/Src/main.c:235:6:display_all_clear	16	static
../Core/Src/main.c:241:5:lenNumLL	24	static
../Core/Src/main.c:252:6:update_data_disp	16	static
../Core/Src/main.c:343:6:HAL_TIM_PeriodElapsedCallback	16	static
../Core/Src/main.c:353:6:update_disp	16	static
../Core/Src/main.c:374:5:main	8	static
../Core/Src/main.c:432:6:SystemClock_Config	88	static
../Core/Src/main.c:478:13:MX_SPI1_Init	8	static
../Core/Src/main.c:516:13:MX_TIM2_Init	32	static
../Core/Src/main.c:561:13:MX_GPIO_Init	40	static
../Core/Src/main.c:595:6:Error_Handler	4	static,ignoring_inline_asm
